// Jest Snapshot v1, https://goo.gl/fbAQLP

exports[`computer fetching 1`] = `
Array [
  Object {
    "_class": Array [
      "Host",
      "Device",
    ],
    "_key": "trend-micro-computer:1",
    "_type": "trend_micro_computer",
    "agentGUID": undefined,
    "agentStatus": "active",
    "antiMalwareStatus": "active",
    "applianceStatus": undefined,
    "applicationControlStatus": "inactive",
    "awsAccountId": undefined,
    "category": "endpoint",
    "cloudProvider": undefined,
    "createdOn": undefined,
    "description": "This computer is a demonstration of Deep Security's capabilities. Open a browser to http://ec2-54-187-35-33.us-west-2.compute.amazonaws.com for more information.",
    "deviceId": "6BE38408-DA9E-4A03-1EB4-5CE824AD0C58",
    "displayName": "ec2-54-187-35-33.us-west-2.compute.amazonaws.com",
    "ec2InstanceId": undefined,
    "firewallStatus": "active",
    "groupId": undefined,
    "hostGUID": "6BE38408-DA9E-4A03-1EB4-5CE824AD0C58",
    "hostname": "ec2-54-187-35-33.us-west-2.compute.amazonaws.com",
    "id": "trend-micro-computer:1",
    "integrityMonitoringStatus": "active",
    "intrusionPreventionStatus": "active",
    "lastSeenOn": 1587565628816,
    "logInspectionStatus": "active",
    "make": null,
    "model": null,
    "name": "ec2-54-187-35-33.us-west-2.compute.amazonaws.com",
    "platform": "linux",
    "securityUpdateStatus": "warning",
    "serial": null,
    "webReputationStatus": "active",
  },
  Object {
    "_class": Array [
      "Host",
      "Device",
    ],
    "_key": "trend-micro-computer:34",
    "_type": "trend_micro_computer",
    "agentGUID": undefined,
    "agentStatus": "inactive",
    "antiMalwareStatus": "inactive",
    "applianceStatus": undefined,
    "applicationControlStatus": "inactive",
    "awsAccountId": "697977203433",
    "category": "endpoint",
    "cloudProvider": "AWS",
    "createdOn": undefined,
    "description": "",
    "deviceId": "FBA83AE4-7389-6448-F6E5-12E326BEBDBA",
    "displayName": "i-075776bd5b0b322aa",
    "ec2InstanceId": "i-075776bd5b0b322aa",
    "firewallStatus": "inactive",
    "groupId": "trend-micro-computer-group:79",
    "hostGUID": "FBA83AE4-7389-6448-F6E5-12E326BEBDBA",
    "hostname": "172.31.121.120",
    "id": "trend-micro-computer:34",
    "integrityMonitoringStatus": "inactive",
    "intrusionPreventionStatus": "inactive",
    "lastSeenOn": undefined,
    "logInspectionStatus": "inactive",
    "make": null,
    "model": null,
    "name": "i-075776bd5b0b322aa",
    "platform": "linux",
    "securityUpdateStatus": undefined,
    "serial": null,
    "webReputationStatus": "inactive",
  },
  Object {
    "_class": Array [
      "Host",
      "Device",
    ],
    "_key": "trend-micro-computer:35",
    "_type": "trend_micro_computer",
    "agentGUID": undefined,
    "agentStatus": "inactive",
    "antiMalwareStatus": "inactive",
    "applianceStatus": undefined,
    "applicationControlStatus": "inactive",
    "awsAccountId": "697977203433",
    "category": "endpoint",
    "cloudProvider": "AWS",
    "createdOn": undefined,
    "description": "",
    "deviceId": "258AC077-4A7D-F72B-676B-36568A9F8932",
    "displayName": "i-0dca1d41741a0a411",
    "ec2InstanceId": "i-0dca1d41741a0a411",
    "firewallStatus": "inactive",
    "groupId": "trend-micro-computer-group:79",
    "hostGUID": "258AC077-4A7D-F72B-676B-36568A9F8932",
    "hostname": "172.31.211.111",
    "id": "trend-micro-computer:35",
    "integrityMonitoringStatus": "inactive",
    "intrusionPreventionStatus": "inactive",
    "lastSeenOn": undefined,
    "logInspectionStatus": "inactive",
    "make": null,
    "model": null,
    "name": "i-0dca1d41741a0a411",
    "platform": "linux",
    "securityUpdateStatus": undefined,
    "serial": null,
    "webReputationStatus": "inactive",
  },
]
`;
